
> frontend@0.1.0 build
> next build

▲ Next.js 16.2.6 (Turbopack)

  Creating an optimized production build ...

> Build error occurred
Error: Turbopack build failed with 5 errors:
./app/(app)/compare/page.tsx:15:1
Module not found: Can't resolve '@/components/ui/PillarBadge'
  [90m13 |[0m [36mimport[0m { [33mComparativeBriefPanel[0m } [36mfrom[0m [32m'@/components/compare/ComparativeBriefPanel'[0m;
  [90m14 |[0m [36mimport[0m { [33mPrinter[0m } [36mfrom[0m [32m'lucide-react'[0m;
[31m[1m>[0m [90m15 |[0m [36mimport[0m { [33mPillarBadge[0m } [36mfrom[0m [32m'@/components/ui/PillarBadge'[0m;
  [90m   |[0m [31m[1m^^^^^^^^^^^^^^^^^^^^^^^^^^^^^^^^^^^^^^^^^^^^^^^^^^^^^^^^^^[0m
  [90m16 |[0m [36mimport[0m { [33mSeverityDots[0m } [36mfrom[0m [32m'@/components/ui/SeverityDots'[0m;
  [90m17 |[0m
  [90m18 |[0m [36mfunction[0m [33mScenarioDropdown[0m({

Import map: aliased to relative './components/ui/PillarBadge' inside of [project]/


Import traces:
  Client Component Browser:
    ./app/(app)/compare/page.tsx [Client Component Browser]
    ./app/(app)/compare/page.tsx [Server Component]

  Client Component SSR:
    ./app/(app)/compare/page.tsx [Client Component SSR]
    ./app/(app)/compare/page.tsx [Server Component]

https://nextjs.org/docs/messages/module-not-found


./app/(app)/scenarios/page.tsx:20:1
Module not found: Can't resolve '@/components/ui/PillarBadge'
  [90m18 |[0m [36mimport[0m { [33mCalibrationAnchorCard[0m } [36mfrom[0m [32m'@/components/scenarios/CalibrationAnchorCard'[0m;
  [90m19 |[0m [36mimport[0m { [33mBoardBriefSlideOver[0m } [36mfrom[0m [32m'@/components/scenarios/BoardBriefSlideOver'[0m;
[31m[1m>[0m [90m20 |[0m [36mimport[0m { [33mPillarBadge[0m } [36mfrom[0m [32m'@/components/ui/PillarBadge'[0m;
  [90m   |[0m [31m[1m^^^^^^^^^^^^^^^^^^^^^^^^^^^^^^^^^^^^^^^^^^^^^^^^^^^^^^^^^^[0m
  [90m21 |[0m [36mimport[0m { [33mChip[0m } [36mfrom[0m [32m'@/components/ui/Chip'[0m;
  [90m22 |[0m [36mimport[0m { [33mRotateCw[0m, [33mDownload[0m, [33mGitCompare[0m } [36mfrom[0m [32m'lucide-react'[0m;
  [90m23 |[0m [36mimport[0m { useRouter } [36mfrom[0m [32m'next/navigation'[0m;

Import map: aliased to relative './components/ui/PillarBadge' inside of [project]/


Import traces:
  Client Component Browser:
    ./app/(app)/scenarios/page.tsx [Client Component Browser]
    ./app/(app)/scenarios/page.tsx [Server Component]

  Client Component SSR:
    ./app/(app)/scenarios/page.tsx [Client Component SSR]
    ./app/(app)/scenarios/page.tsx [Server Component]

https://nextjs.org/docs/messages/module-not-found


./components/reverse/TopDangerousScenariosCard.tsx:6:1
Module not found: Can't resolve '@/components/ui/PillarBadge'
  [90m4 |[0m [36mimport[0m { [33mCard[0m } [36mfrom[0m [32m'@/components/ui/Card'[0m;
  [90m5 |[0m [36mimport[0m { [33mPillarId[0m } [36mfrom[0m [32m'@/lib/types'[0m;
[31m[1m>[0m [90m6 |[0m [36mimport[0m { [33mPillarBadge[0m } [36mfrom[0m [32m'@/components/ui/PillarBadge'[0m;
  [90m  |[0m [31m[1m^^^^^^^^^^^^^^^^^^^^^^^^^^^^^^^^^^^^^^^^^^^^^^^^^^^^^^^^^^[0m
  [90m7 |[0m [36mimport[0m { [33mButton[0m } [36mfrom[0m [32m'@/components/ui/Button'[0m;
  [90m8 |[0m [36mimport[0m { useRouter } [36mfrom[0m [32m'next/navigation'[0m;
  [90m9 |[0m

Import map: aliased to relative './components/ui/PillarBadge' inside of [project]/


Import traces:
  Client Component Browser:
    ./components/reverse/TopDangerousScenariosCard.tsx [Client Component Browser]
    ./app/(app)/reverse/page.tsx [Client Component Browser]
    ./app/(app)/reverse/page.tsx [Server Component]

  Client Component SSR:
    ./components/reverse/TopDangerousScenariosCard.tsx [Client Component SSR]
    ./app/(app)/reverse/page.tsx [Client Component SSR]
    ./app/(app)/reverse/page.tsx [Server Component]

https://nextjs.org/docs/messages/module-not-found


./components/scenarios/ScenarioMetadataCard.tsx:5:1
Module not found: Can't resolve '@/components/ui/PillarBadge'
  [90m3 |[0m [36mimport[0m { [33mScenario[0m } [36mfrom[0m [32m'@/lib/types'[0m;
  [90m4 |[0m [36mimport[0m { [33mSeverityDots[0m, [33mPlausibilityDots[0m } [36mfrom[0m [32m'@/components/ui/SeverityDots'[0m;
[31m[1m>[0m [90m5 |[0m [36mimport[0m { [33mPillarBadge[0m } [36mfrom[0m [32m'@/components/ui/PillarBadge'[0m;
  [90m  |[0m [31m[1m^^^^^^^^^^^^^^^^^^^^^^^^^^^^^^^^^^^^^^^^^^^^^^^^^^^^^^^^^^[0m
  [90m6 |[0m [36mimport[0m { [33mChip[0m } [36mfrom[0m [32m'@/components/ui/Chip'[0m;
  [90m7 |[0m
  [90m8 |[0m [36minterface[0m [33mScenarioMetadataCardProps[0m {

Import map: aliased to relative './components/ui/PillarBadge' inside of [project]/


Import traces:
  Client Component Browser:
    ./components/scenarios/ScenarioMetadataCard.tsx [Client Component Browser]
    ./app/(app)/scenarios/page.tsx [Client Component Browser]
    ./app/(app)/scenarios/page.tsx [Server Component]

  Client Component SSR:
    ./components/scenarios/ScenarioMetadataCard.tsx [Client Component SSR]
    ./app/(app)/scenarios/page.tsx [Client Component SSR]
    ./app/(app)/scenarios/page.tsx [Server Component]

https://nextjs.org/docs/messages/module-not-found


./components/scenarios/ScenarioPicker.tsx:7:1
Module not found: Can't resolve '@/components/ui/PillarBadge'
  [90m 5 |[0m [36mimport[0m { [33mScenario[0m } [36mfrom[0m [32m'@/lib/types'[0m;
  [90m 6 |[0m [36mimport[0m { fetchScenarios } [36mfrom[0m [32m'@/lib/api'[0m;
[31m[1m>[0m [90m 7 |[0m [36mimport[0m { [33mPillarBadge[0m } [36mfrom[0m [32m'@/components/ui/PillarBadge'[0m;
  [90m   |[0m [31m[1m^^^^^^^^^^^^^^^^^^^^^^^^^^^^^^^^^^^^^^^^^^^^^^^^^^^^^^^^^^[0m
  [90m 8 |[0m [36mimport[0m { [33mSeverityDots[0m, [33mPlausibilityDots[0m } [36mfrom[0m [32m'@/components/ui/SeverityDots'[0m;
  [90m 9 |[0m
  [90m10 |[0m [36minterface[0m [33mScenarioPickerProps[0m {

Import map: aliased to relative './components/ui/PillarBadge' inside of [project]/


Import traces:
  Client Component Browser:
    ./components/scenarios/ScenarioPicker.tsx [Client Component Browser]
    ./app/(app)/scenarios/page.tsx [Client Component Browser]
    ./app/(app)/scenarios/page.tsx [Server Component]

  Client Component SSR:
    ./components/scenarios/ScenarioPicker.tsx [Client Component SSR]
    ./app/(app)/scenarios/page.tsx [Client Component SSR]
    ./app/(app)/scenarios/page.tsx [Server Component]

https://nextjs.org/docs/messages/module-not-found


    at <unknown> (./app/(app)/compare/page.tsx:15:1)
    at <unknown> (https://nextjs.org/docs/messages/module-not-found)
    at <unknown> (./app/(app)/scenarios/page.tsx:20:1)
    at <unknown> (https://nextjs.org/docs/messages/module-not-found)
    at <unknown> (./components/reverse/TopDangerousScenariosCard.tsx:6:1)
    at <unknown> (https://nextjs.org/docs/messages/module-not-found)
    at <unknown> (./components/scenarios/ScenarioMetadataCard.tsx:5:1)
    at <unknown> (https://nextjs.org/docs/messages/module-not-found)
    at <unknown> (./components/scenarios/ScenarioPicker.tsx:7:1)
    at <unknown> (https://nextjs.org/docs/messages/module-not-found)
