app/(app)/compare/page.tsx(15,29): error TS2307: Cannot find module '@/components/ui/PillarBadge' or its corresponding type declarations.
app/(app)/scenarios/page.tsx(20,29): error TS2307: Cannot find module '@/components/ui/PillarBadge' or its corresponding type declarations.
components/compare/ScenarioVsBar.tsx(62,47): error TS2339: Property 'primary' does not exist on type '{ surface: string; surfaceContainerLow: string; surfaceContainer: string; surfaceContainerHigh: string; mtnYellow: string; onSurface: string; onSurfaceVariant: string; outline: string; error: string; errorContainer: string; secondary: string; tertiary: string; rowHover: string; }'.
components/reverse/BinarySearchTrajectory.tsx(31,43): error TS2339: Property 'primary' does not exist on type '{ surface: string; surfaceContainerLow: string; surfaceContainer: string; surfaceContainerHigh: string; mtnYellow: string; onSurface: string; onSurfaceVariant: string; outline: string; error: string; errorContainer: string; secondary: string; tertiary: string; rowHover: string; }'.
components/reverse/BinarySearchTrajectory.tsx(32,47): error TS2339: Property 'primary' does not exist on type '{ surface: string; surfaceContainerLow: string; surfaceContainer: string; surfaceContainerHigh: string; mtnYellow: string; onSurface: string; onSurfaceVariant: string; outline: string; error: string; errorContainer: string; secondary: string; tertiary: string; rowHover: string; }'.
components/reverse/BinarySearchTrajectory.tsx(63,37): error TS2339: Property 'primary' does not exist on type '{ surface: string; surfaceContainerLow: string; surfaceContainer: string; surfaceContainerHigh: string; mtnYellow: string; onSurface: string; onSurfaceVariant: string; outline: string; error: string; errorContainer: string; secondary: string; tertiary: string; rowHover: string; }'.
components/reverse/CrossScenarioSweep.tsx(94,15): error TS2322: Type '{ labels: string[]; datasets: { label: string; data: number[]; backgroundColor: string[]; borderColor: string[]; borderWidth: (1 | 0)[]; borderRadius: number; }[]; }' is not assignable to type '{ labels: string[]; datasets: { label: string; data: number[]; backgroundColor?: string | string[] | undefined; borderColor?: string | string[] | undefined; borderWidth?: number | undefined; borderRadius?: number | undefined; }[]; }'.
  Types of property 'datasets' are incompatible.
    Type '{ label: string; data: number[]; backgroundColor: string[]; borderColor: string[]; borderWidth: (1 | 0)[]; borderRadius: number; }[]' is not assignable to type '{ label: string; data: number[]; backgroundColor?: string | string[] | undefined; borderColor?: string | string[] | undefined; borderWidth?: number | undefined; borderRadius?: number | undefined; }[]'.
      Type '{ label: string; data: number[]; backgroundColor: string[]; borderColor: string[]; borderWidth: (1 | 0)[]; borderRadius: number; }' is not assignable to type '{ label: string; data: number[]; backgroundColor?: string | string[] | undefined; borderColor?: string | string[] | undefined; borderWidth?: number | undefined; borderRadius?: number | undefined; }'.
        Types of property 'borderWidth' are incompatible.
          Type '(1 | 0)[]' is not assignable to type 'number'.
components/reverse/TopDangerousScenariosCard.tsx(6,29): error TS2307: Cannot find module '@/components/ui/PillarBadge' or its corresponding type declarations.
components/scenarios/ScenarioMetadataCard.tsx(5,29): error TS2307: Cannot find module '@/components/ui/PillarBadge' or its corresponding type declarations.
components/scenarios/ScenarioPicker.tsx(7,29): error TS2307: Cannot find module '@/components/ui/PillarBadge' or its corresponding type declarations.
components/scenarios/WaterfallChart.tsx(24,42): error TS2339: Property 'primaryContainer' does not exist on type '{ surface: string; surfaceContainerLow: string; surfaceContainer: string; surfaceContainerHigh: string; mtnYellow: string; onSurface: string; onSurfaceVariant: string; outline: string; error: string; errorContainer: string; secondary: string; tertiary: string; rowHover: string; }'.
components/scenarios/WaterfallChart.tsx(68,38): error TS2339: Property 'primaryContainer' does not exist on type '{ surface: string; surfaceContainerLow: string; surfaceContainer: string; surfaceContainerHigh: string; mtnYellow: string; onSurface: string; onSurfaceVariant: string; outline: string; error: string; errorContainer: string; secondary: string; tertiary: string; rowHover: string; }'.
components/scenarios/WaterfallChart.tsx(128,13): error TS2322: Type '{ labels: string[]; datasets: { label: string; data: (number | [number, number])[]; backgroundColor: any[]; borderRadius: number; }[]; }' is not assignable to type '{ labels: string[]; datasets: { label: string; data: number[]; backgroundColor?: string | string[] | undefined; borderColor?: string | string[] | undefined; borderWidth?: number | undefined; borderRadius?: number | undefined; }[]; }'.
  Types of property 'datasets' are incompatible.
    Type '{ label: string; data: (number | [number, number])[]; backgroundColor: any[]; borderRadius: number; }[]' is not assignable to type '{ label: string; data: number[]; backgroundColor?: string | string[] | undefined; borderColor?: string | string[] | undefined; borderWidth?: number | undefined; borderRadius?: number | undefined; }[]'.
      Type '{ label: string; data: (number | [number, number])[]; backgroundColor: any[]; borderRadius: number; }' is not assignable to type '{ label: string; data: number[]; backgroundColor?: string | string[] | undefined; borderColor?: string | string[] | undefined; borderWidth?: number | undefined; borderRadius?: number | undefined; }'.
        Types of property 'data' are incompatible.
          Type '(number | [number, number])[]' is not assignable to type 'number[]'.
            Type 'number | [number, number]' is not assignable to type 'number'.
              Type '[number, number]' is not assignable to type 'number'.
lib/api.ts(53,44): error TS2552: Cannot find name 'ReverseStressInput'. Did you mean 'ReverseStressResult'?
